// Jest Snapshot v1, https://goo.gl/fbAQLP

exports[`Country component Renders correctly 1`] = `
Object {
  "asFragment": [Function],
  "baseElement": <body>
    <div>
      <div
        class="countries"
      >
        <div
          class="MuiBox-root MuiBox-root-1 cardContainer"
        >
          <div
            class="MuiPaper-root MuiCard-root card MuiPaper-elevation1 MuiPaper-rounded"
          >
            <div
              alt="Austria"
              class="MuiCardMedia-root countryImage"
              media="picture"
              style="background-image: url(https://travel-api-git-main-imbatman.vercel.app/countriesPhoto/1.jpg);"
              title="Austria"
            />
            <div
              class="MuiCardContent-root"
              style="position: relative; background-color: transparent;"
            >
              <h2
                class="MuiTypography-root MuiTypography-h5 MuiTypography-gutterBottom"
              >
                Austria
              </h2>
              <p
                class="MuiTypography-root MuiTypography-body2"
              >
                Vienna
              </p>
            </div>
            <div
              class="MuiCardActions-root MuiCardActions-spacing"
              style="position: relative;"
            >
              <a
                class="link"
                href="/country/austria"
              >
                <button
                  class="MuiButtonBase-root MuiButton-root MuiButton-outlined MuiButton-colorInherit MuiButton-outlinedSizeSmall MuiButton-sizeSmall"
                  tabindex="0"
                  type="button"
                >
                  <span
                    class="MuiButton-label"
                  >
                    Learn More
                  </span>
                  <span
                    class="MuiTouchRipple-root"
                  />
                </button>
              </a>
            </div>
          </div>
        </div>
      </div>
    </div>
  </body>,
  "container": <div>
    <div
      class="countries"
    >
      <div
        class="MuiBox-root MuiBox-root-1 cardContainer"
      >
        <div
          class="MuiPaper-root MuiCard-root card MuiPaper-elevation1 MuiPaper-rounded"
        >
          <div
            alt="Austria"
            class="MuiCardMedia-root countryImage"
            media="picture"
            style="background-image: url(https://travel-api-git-main-imbatman.vercel.app/countriesPhoto/1.jpg);"
            title="Austria"
          />
          <div
            class="MuiCardContent-root"
            style="position: relative; background-color: transparent;"
          >
            <h2
              class="MuiTypography-root MuiTypography-h5 MuiTypography-gutterBottom"
            >
              Austria
            </h2>
            <p
              class="MuiTypography-root MuiTypography-body2"
            >
              Vienna
            </p>
          </div>
          <div
            class="MuiCardActions-root MuiCardActions-spacing"
            style="position: relative;"
          >
            <a
              class="link"
              href="/country/austria"
            >
              <button
                class="MuiButtonBase-root MuiButton-root MuiButton-outlined MuiButton-colorInherit MuiButton-outlinedSizeSmall MuiButton-sizeSmall"
                tabindex="0"
                type="button"
              >
                <span
                  class="MuiButton-label"
                >
                  Learn More
                </span>
                <span
                  class="MuiTouchRipple-root"
                />
              </button>
            </a>
          </div>
        </div>
      </div>
    </div>
  </div>,
  "debug": [Function],
  "findAllByAltText": [Function],
  "findAllByDisplayValue": [Function],
  "findAllByLabelText": [Function],
  "findAllByPlaceholderText": [Function],
  "findAllByRole": [Function],
  "findAllByTestId": [Function],
  "findAllByText": [Function],
  "findAllByTitle": [Function],
  "findByAltText": [Function],
  "findByDisplayValue": [Function],
  "findByLabelText": [Function],
  "findByPlaceholderText": [Function],
  "findByRole": [Function],
  "findByTestId": [Function],
  "findByText": [Function],
  "findByTitle": [Function],
  "getAllByAltText": [Function],
  "getAllByDisplayValue": [Function],
  "getAllByLabelText": [Function],
  "getAllByPlaceholderText": [Function],
  "getAllByRole": [Function],
  "getAllByTestId": [Function],
  "getAllByText": [Function],
  "getAllByTitle": [Function],
  "getByAltText": [Function],
  "getByDisplayValue": [Function],
  "getByLabelText": [Function],
  "getByPlaceholderText": [Function],
  "getByRole": [Function],
  "getByTestId": [Function],
  "getByText": [Function],
  "getByTitle": [Function],
  "queryAllByAltText": [Function],
  "queryAllByDisplayValue": [Function],
  "queryAllByLabelText": [Function],
  "queryAllByPlaceholderText": [Function],
  "queryAllByRole": [Function],
  "queryAllByTestId": [Function],
  "queryAllByText": [Function],
  "queryAllByTitle": [Function],
  "queryByAltText": [Function],
  "queryByDisplayValue": [Function],
  "queryByLabelText": [Function],
  "queryByPlaceholderText": [Function],
  "queryByRole": [Function],
  "queryByTestId": [Function],
  "queryByText": [Function],
  "queryByTitle": [Function],
  "rerender": [Function],
  "unmount": [Function],
}
`;
